<?xml version="1.0" encoding="UTF-8"?>
<testsuites>
  <testsuite name="C:\Users\saify\OneDrive\Bureau\pi\piweb\tests" tests="176" assertions="281" errors="0" warnings="0" failures="0" skipped="1" time="8.071188">
    <testsuite name="App\Tests\ClientTest" file="C:\Users\saify\OneDrive\Bureau\pi\piweb\tests\ClientTest.php" tests="16" assertions="16" errors="0" warnings="0" failures="0" skipped="0" time="3.740862">
      <testcase name="testValidClientCreation" class="App\Tests\ClientTest" classname="App.Tests.ClientTest" file="C:\Users\saify\OneDrive\Bureau\pi\piweb\tests\ClientTest.php" line="22" assertions="1" time="3.637667"/>
      <testcase name="testNomIsMandatory" class="App\Tests\ClientTest" classname="App.Tests.ClientTest" file="C:\Users\saify\OneDrive\Bureau\pi\piweb\tests\ClientTest.php" line="36" assertions="1" time="0.049574"/>
      <testcase name="testNomMinimumLength" class="App\Tests\ClientTest" classname="App.Tests.ClientTest" file="C:\Users\saify\OneDrive\Bureau\pi\piweb\tests\ClientTest.php" line="50" assertions="1" time="0.004282"/>
      <testcase name="testNomValidCharacters" class="App\Tests\ClientTest" classname="App.Tests.ClientTest" file="C:\Users\saify\OneDrive\Bureau\pi\piweb\tests\ClientTest.php" line="64" assertions="1" time="0.004825"/>
      <testcase name="testContactIsMandatory" class="App\Tests\ClientTest" classname="App.Tests.ClientTest" file="C:\Users\saify\OneDrive\Bureau\pi\piweb\tests\ClientTest.php" line="78" assertions="1" time="0.003876"/>
      <testcase name="testContactWithEmail" class="App\Tests\ClientTest" classname="App.Tests.ClientTest" file="C:\Users\saify\OneDrive\Bureau\pi\piweb\tests\ClientTest.php" line="92" assertions="1" time="0.004028"/>
      <testcase name="testContactWithPhoneNumber" class="App\Tests\ClientTest" classname="App.Tests.ClientTest" file="C:\Users\saify\OneDrive\Bureau\pi\piweb\tests\ClientTest.php" line="106" assertions="1" time="0.004182"/>
      <testcase name="testContactInvalidFormat" class="App\Tests\ClientTest" classname="App.Tests.ClientTest" file="C:\Users\saify\OneDrive\Bureau\pi\piweb\tests\ClientTest.php" line="120" assertions="1" time="0.005605"/>
      <testcase name="testAdresseIsMandatory" class="App\Tests\ClientTest" classname="App.Tests.ClientTest" file="C:\Users\saify\OneDrive\Bureau\pi\piweb\tests\ClientTest.php" line="134" assertions="1" time="0.004556"/>
      <testcase name="testAdresseMinimumLength" class="App\Tests\ClientTest" classname="App.Tests.ClientTest" file="C:\Users\saify\OneDrive\Bureau\pi\piweb\tests\ClientTest.php" line="148" assertions="1" time="0.004259"/>
      <testcase name="testBadge" class="App\Tests\ClientTest" classname="App.Tests.ClientTest" file="C:\Users\saify\OneDrive\Bureau\pi\piweb\tests\ClientTest.php" line="162" assertions="1" time="0.002569"/>
      <testcase name="testIdUser" class="App\Tests\ClientTest" classname="App.Tests.ClientTest" file="C:\Users\saify\OneDrive\Bureau\pi\piweb\tests\ClientTest.php" line="173" assertions="1" time="0.002146"/>
      <testcase name="testVentes" class="App\Tests\ClientTest" classname="App.Tests.ClientTest" file="C:\Users\saify\OneDrive\Bureau\pi\piweb\tests\ClientTest.php" line="184" assertions="1" time="0.001694"/>
      <testcase name="testNomWithValidCharacters" class="App\Tests\ClientTest" classname="App.Tests.ClientTest" file="C:\Users\saify\OneDrive\Bureau\pi\piweb\tests\ClientTest.php" line="195" assertions="1" time="0.003525"/>
      <testcase name="testContactMinimumLength" class="App\Tests\ClientTest" classname="App.Tests.ClientTest" file="C:\Users\saify\OneDrive\Bureau\pi\piweb\tests\ClientTest.php" line="209" assertions="1" time="0.004018"/>
      <testcase name="testAdresseMaximumLength" class="App\Tests\ClientTest" classname="App.Tests.ClientTest" file="C:\Users\saify\OneDrive\Bureau\pi\piweb\tests\ClientTest.php" line="223" assertions="1" time="0.004055"/>
    </testsuite>
    <testsuite name="App\Tests\Controller\Agriculteur\ParcelleDeleteGuardTest" file="C:\Users\saify\OneDrive\Bureau\pi\piweb\tests\Controller\Agriculteur\ParcelleDeleteGuardTest.php" tests="1" assertions="0" errors="0" warnings="0" failures="0" skipped="1" time="0.008898">
      <testcase name="testDeleteIsRefusedWhenParcelleHasCultures" class="App\Tests\Controller\Agriculteur\ParcelleDeleteGuardTest" classname="App.Tests.Controller.Agriculteur.ParcelleDeleteGuardTest" file="C:\Users\saify\OneDrive\Bureau\pi\piweb\tests\Controller\Agriculteur\ParcelleDeleteGuardTest.php" line="17" assertions="0" time="0.008898">
        <skipped/>
      </testcase>
    </testsuite>
    <testsuite name="App\Tests\CultureTest" file="C:\Users\saify\OneDrive\Bureau\pi\piweb\tests\CultureTest.php" tests="14" assertions="29" errors="0" warnings="0" failures="0" skipped="0" time="0.051241">
      <testcase name="testValidCultureCreation" class="App\Tests\CultureTest" classname="App.Tests.CultureTest" file="C:\Users\saify\OneDrive\Bureau\pi\piweb\tests\CultureTest.php" line="54" assertions="1" time="0.007880"/>
      <testcase name="testType_cultureIsMandatory" class="App\Tests\CultureTest" classname="App.Tests.CultureTest" file="C:\Users\saify\OneDrive\Bureau\pi\piweb\tests\CultureTest.php" line="72" assertions="2" time="0.004115"/>
      <testcase name="testDate_plantationIsMandatory" class="App\Tests\CultureTest" classname="App.Tests.CultureTest" file="C:\Users\saify\OneDrive\Bureau\pi\piweb\tests\CultureTest.php" line="91" assertions="1" time="0.003870"/>
      <testcase name="testDate_recolte_prevueIsMandatory" class="App\Tests\CultureTest" classname="App.Tests.CultureTest" file="C:\Users\saify\OneDrive\Bureau\pi\piweb\tests\CultureTest.php" line="109" assertions="1" time="0.003935"/>
      <testcase name="testEtat_croissanceValidation" class="App\Tests\CultureTest" classname="App.Tests.CultureTest" file="C:\Users\saify\OneDrive\Bureau\pi\piweb\tests\CultureTest.php" line="127" assertions="1" time="0.004247"/>
      <testcase name="testEtat_croissanceValidValues" class="App\Tests\CultureTest" classname="App.Tests.CultureTest" file="C:\Users\saify\OneDrive\Bureau\pi\piweb\tests\CultureTest.php" line="146" assertions="4" time="0.003860"/>
      <testcase name="testId_parcelleIsMandatory" class="App\Tests\CultureTest" classname="App.Tests.CultureTest" file="C:\Users\saify\OneDrive\Bureau\pi\piweb\tests\CultureTest.php" line="168" assertions="1" time="0.005049"/>
      <testcase name="testDate_recolte_prevueMustBeAfterDate_plantation" class="App\Tests\CultureTest" classname="App.Tests.CultureTest" file="C:\Users\saify\OneDrive\Bureau\pi\piweb\tests\CultureTest.php" line="183" assertions="2" time="0.004411"/>
      <testcase name="testDate_recolte_prevueCannotEqualDate_plantation" class="App\Tests\CultureTest" classname="App.Tests.CultureTest" file="C:\Users\saify\OneDrive\Bureau\pi\piweb\tests\CultureTest.php" line="202" assertions="1" time="0.003716"/>
      <testcase name="testDefaultEtat_croissance" class="App\Tests\CultureTest" classname="App.Tests.CultureTest" file="C:\Users\saify\OneDrive\Bureau\pi\piweb\tests\CultureTest.php" line="221" assertions="1" time="0.001684"/>
      <testcase name="testAutomatic_etat_croissanceCalculation" class="App\Tests\CultureTest" classname="App.Tests.CultureTest" file="C:\Users\saify\OneDrive\Bureau\pi\piweb\tests\CultureTest.php" line="230" assertions="2" time="0.002116"/>
      <testcase name="testParcelle_relationship" class="App\Tests\CultureTest" classname="App.Tests.CultureTest" file="C:\Users\saify\OneDrive\Bureau\pi\piweb\tests\CultureTest.php" line="257" assertions="2" time="0.002304"/>
      <testcase name="testRecolte_collectionManagement" class="App\Tests\CultureTest" classname="App.Tests.CultureTest" file="C:\Users\saify\OneDrive\Bureau\pi\piweb\tests\CultureTest.php" line="272" assertions="2" time="0.002295"/>
      <testcase name="testCamelCaseAliases" class="App\Tests\CultureTest" classname="App.Tests.CultureTest" file="C:\Users\saify\OneDrive\Bureau\pi\piweb\tests\CultureTest.php" line="286" assertions="8" time="0.001759"/>
    </testsuite>
    <testsuite name="App\Tests\RecolteTest" file="C:\Users\saify\OneDrive\Bureau\pi\piweb\tests\RecolteTest.php" tests="24" assertions="46" errors="0" warnings="0" failures="0" skipped="0" time="0.104212">
      <testcase name="testValidRecolteCreation" class="App\Tests\RecolteTest" classname="App.Tests.RecolteTest" file="C:\Users\saify\OneDrive\Bureau\pi\piweb\tests\RecolteTest.php" line="68" assertions="1" time="0.004503"/>
      <testcase name="testQuantiteIsMandatory" class="App\Tests\RecolteTest" classname="App.Tests.RecolteTest" file="C:\Users\saify\OneDrive\Bureau\pi\piweb\tests\RecolteTest.php" line="90" assertions="1" time="0.004631"/>
      <testcase name="testQuantiteMustBePositive" class="App\Tests\RecolteTest" classname="App.Tests.RecolteTest" file="C:\Users\saify\OneDrive\Bureau\pi\piweb\tests\RecolteTest.php" line="112" assertions="2" time="0.004530"/>
      <testcase name="testDate_recolteIsMandatory" class="App\Tests\RecolteTest" classname="App.Tests.RecolteTest" file="C:\Users\saify\OneDrive\Bureau\pi\piweb\tests\RecolteTest.php" line="135" assertions="1" time="0.003878"/>
      <testcase name="testDate_recolteCannotBeInFuture" class="App\Tests\RecolteTest" classname="App.Tests.RecolteTest" file="C:\Users\saify\OneDrive\Bureau\pi\piweb\tests\RecolteTest.php" line="157" assertions="2" time="0.010031"/>
      <testcase name="testQualiteIsMandatory" class="App\Tests\RecolteTest" classname="App.Tests.RecolteTest" file="C:\Users\saify\OneDrive\Bureau\pi\piweb\tests\RecolteTest.php" line="180" assertions="2" time="0.004083"/>
      <testcase name="testQualiteValidation" class="App\Tests\RecolteTest" classname="App.Tests.RecolteTest" file="C:\Users\saify\OneDrive\Bureau\pi\piweb\tests\RecolteTest.php" line="203" assertions="2" time="0.004305"/>
      <testcase name="testQualiteValidValues" class="App\Tests\RecolteTest" classname="App.Tests.RecolteTest" file="C:\Users\saify\OneDrive\Bureau\pi\piweb\tests\RecolteTest.php" line="226" assertions="4" time="0.004584"/>
      <testcase name="testType_cultureIsMandatory" class="App\Tests\RecolteTest" classname="App.Tests.RecolteTest" file="C:\Users\saify\OneDrive\Bureau\pi\piweb\tests\RecolteTest.php" line="251" assertions="1" time="0.005456"/>
      <testcase name="testType_cultureMinimumLength" class="App\Tests\RecolteTest" classname="App.Tests.RecolteTest" file="C:\Users\saify\OneDrive\Bureau\pi\piweb\tests\RecolteTest.php" line="273" assertions="2" time="0.004172"/>
      <testcase name="testType_cultureMaximumLength" class="App\Tests\RecolteTest" classname="App.Tests.RecolteTest" file="C:\Users\saify\OneDrive\Bureau\pi\piweb\tests\RecolteTest.php" line="296" assertions="2" time="0.003844"/>
      <testcase name="testLocalisationIsMandatory" class="App\Tests\RecolteTest" classname="App.Tests.RecolteTest" file="C:\Users\saify\OneDrive\Bureau\pi\piweb\tests\RecolteTest.php" line="319" assertions="1" time="0.011395"/>
      <testcase name="testLocalisationMinimumLength" class="App\Tests\RecolteTest" classname="App.Tests.RecolteTest" file="C:\Users\saify\OneDrive\Bureau\pi\piweb\tests\RecolteTest.php" line="341" assertions="1" time="0.004482"/>
      <testcase name="testLocalisationMaximumLength" class="App\Tests\RecolteTest" classname="App.Tests.RecolteTest" file="C:\Users\saify\OneDrive\Bureau\pi\piweb\tests\RecolteTest.php" line="363" assertions="1" time="0.005553"/>
      <testcase name="testUtilisateurIsMandatory" class="App\Tests\RecolteTest" classname="App.Tests.RecolteTest" file="C:\Users\saify\OneDrive\Bureau\pi\piweb\tests\RecolteTest.php" line="385" assertions="1" time="0.004117"/>
      <testcase name="testCulture_relationship" class="App\Tests\RecolteTest" classname="App.Tests.RecolteTest" file="C:\Users\saify\OneDrive\Bureau\pi\piweb\tests\RecolteTest.php" line="406" assertions="1" time="0.002543"/>
      <testcase name="testUtilisateur_relationship" class="App\Tests\RecolteTest" classname="App.Tests.RecolteTest" file="C:\Users\saify\OneDrive\Bureau\pi\piweb\tests\RecolteTest.php" line="421" assertions="1" time="0.002284"/>
      <testcase name="testCamelCaseAliases" class="App\Tests\RecolteTest" classname="App.Tests.RecolteTest" file="C:\Users\saify\OneDrive\Bureau\pi\piweb\tests\RecolteTest.php" line="434" assertions="8" time="0.002054"/>
      <testcase name="testGetId_userReturnsUserId" class="App\Tests\RecolteTest" classname="App.Tests.RecolteTest" file="C:\Users\saify\OneDrive\Bureau\pi\piweb\tests\RecolteTest.php" line="466" assertions="1" time="0.001735"/>
      <testcase name="testGetIdUserReturnsUserId" class="App\Tests\RecolteTest" classname="App.Tests.RecolteTest" file="C:\Users\saify\OneDrive\Bureau\pi\piweb\tests\RecolteTest.php" line="479" assertions="1" time="0.002039"/>
      <testcase name="testDefaultValuesInConstructor" class="App\Tests\RecolteTest" classname="App.Tests.RecolteTest" file="C:\Users\saify\OneDrive\Bureau\pi\piweb\tests\RecolteTest.php" line="492" assertions="6" time="0.002080"/>
      <testcase name="testQuantiteWithDecimalValues" class="App\Tests\RecolteTest" classname="App.Tests.RecolteTest" file="C:\Users\saify\OneDrive\Bureau\pi\piweb\tests\RecolteTest.php" line="507" assertions="2" time="0.003663"/>
      <testcase name="testDate_recolteWithTodayDate" class="App\Tests\RecolteTest" classname="App.Tests.RecolteTest" file="C:\Users\saify\OneDrive\Bureau\pi\piweb\tests\RecolteTest.php" line="530" assertions="1" time="0.004025"/>
      <testcase name="testDate_recolteWithPastDate" class="App\Tests\RecolteTest" classname="App.Tests.RecolteTest" file="C:\Users\saify\OneDrive\Bureau\pi\piweb\tests\RecolteTest.php" line="552" assertions="1" time="0.004225"/>
    </testsuite>
    <testsuite name="App\Tests\Service\ClientManagerTest" file="C:\Users\saify\OneDrive\Bureau\pi\piweb\tests\Service\ClientManagerTest.php" tests="16" assertions="31" errors="0" warnings="0" failures="0" skipped="0" time="0.044872">
      <testcase name="testCreateValidClient" class="App\Tests\Service\ClientManagerTest" classname="App.Tests.Service.ClientManagerTest" file="C:\Users\saify\OneDrive\Bureau\pi\piweb\tests\Service\ClientManagerTest.php" line="23" assertions="2" time="0.006603"/>
      <testcase name="testCreateClientWithPhoneNumber" class="App\Tests\Service\ClientManagerTest" classname="App.Tests.Service.ClientManagerTest" file="C:\Users\saify\OneDrive\Bureau\pi\piweb\tests\Service\ClientManagerTest.php" line="38" assertions="1" time="0.004799"/>
      <testcase name="testCreateClientWithInvalidContact" class="App\Tests\Service\ClientManagerTest" classname="App.Tests.Service.ClientManagerTest" file="C:\Users\saify\OneDrive\Bureau\pi\piweb\tests\Service\ClientManagerTest.php" line="52" assertions="1" time="0.002390"/>
      <testcase name="testIsValidContact" class="App\Tests\Service\ClientManagerTest" classname="App.Tests.Service.ClientManagerTest" file="C:\Users\saify\OneDrive\Bureau\pi\piweb\tests\Service\ClientManagerTest.php" line="66" assertions="3" time="0.002126"/>
      <testcase name="testIsEmail" class="App\Tests\Service\ClientManagerTest" classname="App.Tests.Service.ClientManagerTest" file="C:\Users\saify\OneDrive\Bureau\pi\piweb\tests\Service\ClientManagerTest.php" line="76" assertions="2" time="0.002188"/>
      <testcase name="testIsPhoneNumber" class="App\Tests\Service\ClientManagerTest" classname="App.Tests.Service.ClientManagerTest" file="C:\Users\saify\OneDrive\Bureau\pi\piweb\tests\Service\ClientManagerTest.php" line="85" assertions="2" time="0.001864"/>
      <testcase name="testGetContactType" class="App\Tests\Service\ClientManagerTest" classname="App.Tests.Service.ClientManagerTest" file="C:\Users\saify\OneDrive\Bureau\pi\piweb\tests\Service\ClientManagerTest.php" line="94" assertions="3" time="0.001703"/>
      <testcase name="testAssignBadge" class="App\Tests\Service\ClientManagerTest" classname="App.Tests.Service.ClientManagerTest" file="C:\Users\saify\OneDrive\Bureau\pi\piweb\tests\Service\ClientManagerTest.php" line="104" assertions="1" time="0.001991"/>
      <testcase name="testRemoveBadge" class="App\Tests\Service\ClientManagerTest" classname="App.Tests.Service.ClientManagerTest" file="C:\Users\saify\OneDrive\Bureau\pi\piweb\tests\Service\ClientManagerTest.php" line="115" assertions="1" time="0.002092"/>
      <testcase name="testHasBadge" class="App\Tests\Service\ClientManagerTest" classname="App.Tests.Service.ClientManagerTest" file="C:\Users\saify\OneDrive\Bureau\pi\piweb\tests\Service\ClientManagerTest.php" line="127" assertions="2" time="0.002133"/>
      <testcase name="testGetBadgeLabel" class="App\Tests\Service\ClientManagerTest" classname="App.Tests.Service.ClientManagerTest" file="C:\Users\saify\OneDrive\Bureau\pi\piweb\tests\Service\ClientManagerTest.php" line="139" assertions="3" time="0.002061"/>
      <testcase name="testIsVIP" class="App\Tests\Service\ClientManagerTest" classname="App.Tests.Service.ClientManagerTest" file="C:\Users\saify\OneDrive\Bureau\pi\piweb\tests\Service\ClientManagerTest.php" line="149" assertions="2" time="0.002350"/>
      <testcase name="testIsValidName" class="App\Tests\Service\ClientManagerTest" classname="App.Tests.Service.ClientManagerTest" file="C:\Users\saify\OneDrive\Bureau\pi\piweb\tests\Service\ClientManagerTest.php" line="161" assertions="3" time="0.002763"/>
      <testcase name="testIsValidAddress" class="App\Tests\Service\ClientManagerTest" classname="App.Tests.Service.ClientManagerTest" file="C:\Users\saify\OneDrive\Bureau\pi\piweb\tests\Service\ClientManagerTest.php" line="171" assertions="3" time="0.003211"/>
      <testcase name="testGetVentesCount" class="App\Tests\Service\ClientManagerTest" classname="App.Tests.Service.ClientManagerTest" file="C:\Users\saify\OneDrive\Bureau\pi\piweb\tests\Service\ClientManagerTest.php" line="181" assertions="1" time="0.002393"/>
      <testcase name="testValidateClient" class="App\Tests\Service\ClientManagerTest" classname="App.Tests.Service.ClientManagerTest" file="C:\Users\saify\OneDrive\Bureau\pi\piweb\tests\Service\ClientManagerTest.php" line="190" assertions="1" time="0.004205"/>
    </testsuite>
    <testsuite name="App\Tests\Service\CultureManagerTest" file="C:\Users\saify\OneDrive\Bureau\pi\piweb\tests\Service\CultureManagerTest.php" tests="15" assertions="22" errors="0" warnings="0" failures="0" skipped="0" time="0.045667">
      <testcase name="testCreateValidCulture" class="App\Tests\Service\CultureManagerTest" classname="App.Tests.Service.CultureManagerTest" file="C:\Users\saify\OneDrive\Bureau\pi\piweb\tests\Service\CultureManagerTest.php" line="55" assertions="3" time="0.004307"/>
      <testcase name="testCreateCultureWithInvalidDates" class="App\Tests\Service\CultureManagerTest" classname="App.Tests.Service.CultureManagerTest" file="C:\Users\saify\OneDrive\Bureau\pi\piweb\tests\Service\CultureManagerTest.php" line="75" assertions="2" time="0.002234"/>
      <testcase name="testCreateCultureWithSameDates" class="App\Tests\Service\CultureManagerTest" classname="App.Tests.Service.CultureManagerTest" file="C:\Users\saify\OneDrive\Bureau\pi\piweb\tests\Service\CultureManagerTest.php" line="94" assertions="1" time="0.001877"/>
      <testcase name="testValidateDates" class="App\Tests\Service\CultureManagerTest" classname="App.Tests.Service.CultureManagerTest" file="C:\Users\saify\OneDrive\Bureau\pi\piweb\tests\Service\CultureManagerTest.php" line="113" assertions="1" time="0.002166"/>
      <testcase name="testValidateDatesInvalid" class="App\Tests\Service\CultureManagerTest" classname="App.Tests.Service.CultureManagerTest" file="C:\Users\saify\OneDrive\Bureau\pi\piweb\tests\Service\CultureManagerTest.php" line="126" assertions="1" time="0.002165"/>
      <testcase name="testCalculateGrowthState" class="App\Tests\Service\CultureManagerTest" classname="App.Tests.Service.CultureManagerTest" file="C:\Users\saify\OneDrive\Bureau\pi\piweb\tests\Service\CultureManagerTest.php" line="139" assertions="1" time="0.001951"/>
      <testcase name="testIsDelayedCulture" class="App\Tests\Service\CultureManagerTest" classname="App.Tests.Service.CultureManagerTest" file="C:\Users\saify\OneDrive\Bureau\pi\piweb\tests\Service\CultureManagerTest.php" line="158" assertions="1" time="0.002131"/>
      <testcase name="testIsNotDelayedCulture" class="App\Tests\Service\CultureManagerTest" classname="App.Tests.Service.CultureManagerTest" file="C:\Users\saify\OneDrive\Bureau\pi\piweb\tests\Service\CultureManagerTest.php" line="179" assertions="1" time="0.002450"/>
      <testcase name="testGetProgressPercentage" class="App\Tests\Service\CultureManagerTest" classname="App.Tests.Service.CultureManagerTest" file="C:\Users\saify\OneDrive\Bureau\pi\piweb\tests\Service\CultureManagerTest.php" line="199" assertions="4" time="0.004537"/>
      <testcase name="testProgressPercentageZero" class="App\Tests\Service\CultureManagerTest" classname="App.Tests.Service.CultureManagerTest" file="C:\Users\saify\OneDrive\Bureau\pi\piweb\tests\Service\CultureManagerTest.php" line="219" assertions="1" time="0.004624"/>
      <testcase name="testProgressPercentageHundred" class="App\Tests\Service\CultureManagerTest" classname="App.Tests.Service.CultureManagerTest" file="C:\Users\saify\OneDrive\Bureau\pi\piweb\tests\Service\CultureManagerTest.php" line="238" assertions="1" time="0.002146"/>
      <testcase name="testValidateValidCulture" class="App\Tests\Service\CultureManagerTest" classname="App.Tests.Service.CultureManagerTest" file="C:\Users\saify\OneDrive\Bureau\pi\piweb\tests\Service\CultureManagerTest.php" line="257" assertions="1" time="0.004082"/>
      <testcase name="testValidateInvalidCulture" class="App\Tests\Service\CultureManagerTest" classname="App.Tests.Service.CultureManagerTest" file="C:\Users\saify\OneDrive\Bureau\pi\piweb\tests\Service\CultureManagerTest.php" line="276" assertions="1" time="0.004569"/>
      <testcase name="testCreateCultureWithEmptyType" class="App\Tests\Service\CultureManagerTest" classname="App.Tests.Service.CultureManagerTest" file="C:\Users\saify\OneDrive\Bureau\pi\piweb\tests\Service\CultureManagerTest.php" line="290" assertions="1" time="0.004392"/>
      <testcase name="testProgressPercentageIntermediate" class="App\Tests\Service\CultureManagerTest" classname="App.Tests.Service.CultureManagerTest" file="C:\Users\saify\OneDrive\Bureau\pi\piweb\tests\Service\CultureManagerTest.php" line="308" assertions="2" time="0.002036"/>
    </testsuite>
    <testsuite name="App\Tests\Service\RecolteManagerTest" file="C:\Users\saify\OneDrive\Bureau\pi\piweb\tests\Service\RecolteManagerTest.php" tests="21" assertions="32" errors="0" warnings="0" failures="0" skipped="0" time="0.054375">
      <testcase name="testCreateValidRecolte" class="App\Tests\Service\RecolteManagerTest" classname="App.Tests.Service.RecolteManagerTest" file="C:\Users\saify\OneDrive\Bureau\pi\piweb\tests\Service\RecolteManagerTest.php" line="69" assertions="3" time="0.003988"/>
      <testcase name="testCreateRecolteWithNegativeQuantite" class="App\Tests\Service\RecolteManagerTest" classname="App.Tests.Service.RecolteManagerTest" file="C:\Users\saify\OneDrive\Bureau\pi\piweb\tests\Service\RecolteManagerTest.php" line="93" assertions="2" time="0.003221"/>
      <testcase name="testCreateRecolteWithZeroQuantite" class="App\Tests\Service\RecolteManagerTest" classname="App.Tests.Service.RecolteManagerTest" file="C:\Users\saify\OneDrive\Bureau\pi\piweb\tests\Service\RecolteManagerTest.php" line="113" assertions="1" time="0.002580"/>
      <testcase name="testCreateRecolteWithFutureDate" class="App\Tests\Service\RecolteManagerTest" classname="App.Tests.Service.RecolteManagerTest" file="C:\Users\saify\OneDrive\Bureau\pi\piweb\tests\Service\RecolteManagerTest.php" line="132" assertions="2" time="0.002201"/>
      <testcase name="testValidatePositiveQuantite" class="App\Tests\Service\RecolteManagerTest" classname="App.Tests.Service.RecolteManagerTest" file="C:\Users\saify\OneDrive\Bureau\pi\piweb\tests\Service\RecolteManagerTest.php" line="152" assertions="1" time="0.001938"/>
      <testcase name="testValidateNegativeQuantite" class="App\Tests\Service\RecolteManagerTest" classname="App.Tests.Service.RecolteManagerTest" file="C:\Users\saify\OneDrive\Bureau\pi\piweb\tests\Service\RecolteManagerTest.php" line="162" assertions="1" time="0.001699"/>
      <testcase name="testValidateDateRecolteValid" class="App\Tests\Service\RecolteManagerTest" classname="App.Tests.Service.RecolteManagerTest" file="C:\Users\saify\OneDrive\Bureau\pi\piweb\tests\Service\RecolteManagerTest.php" line="172" assertions="1" time="0.002048"/>
      <testcase name="testValidateDateRecolteFuture" class="App\Tests\Service\RecolteManagerTest" classname="App.Tests.Service.RecolteManagerTest" file="C:\Users\saify\OneDrive\Bureau\pi\piweb\tests\Service\RecolteManagerTest.php" line="182" assertions="1" time="0.002011"/>
      <testcase name="testValidateQualiteValid" class="App\Tests\Service\RecolteManagerTest" classname="App.Tests.Service.RecolteManagerTest" file="C:\Users\saify\OneDrive\Bureau\pi\piweb\tests\Service\RecolteManagerTest.php" line="192" assertions="4" time="0.001868"/>
      <testcase name="testValidateQualiteInvalid" class="App\Tests\Service\RecolteManagerTest" classname="App.Tests.Service.RecolteManagerTest" file="C:\Users\saify\OneDrive\Bureau\pi\piweb\tests\Service\RecolteManagerTest.php" line="205" assertions="1" time="0.001745"/>
      <testcase name="testCalculateYieldWithoutCulture" class="App\Tests\Service\RecolteManagerTest" classname="App.Tests.Service.RecolteManagerTest" file="C:\Users\saify\OneDrive\Bureau\pi\piweb\tests\Service\RecolteManagerTest.php" line="215" assertions="1" time="0.001897"/>
      <testcase name="testCalculateYieldWithCulture" class="App\Tests\Service\RecolteManagerTest" classname="App.Tests.Service.RecolteManagerTest" file="C:\Users\saify\OneDrive\Bureau\pi\piweb\tests\Service\RecolteManagerTest.php" line="231" assertions="1" time="0.001860"/>
      <testcase name="testGetQualiteLabel" class="App\Tests\Service\RecolteManagerTest" classname="App.Tests.Service.RecolteManagerTest" file="C:\Users\saify\OneDrive\Bureau\pi\piweb\tests\Service\RecolteManagerTest.php" line="251" assertions="4" time="0.001667"/>
      <testcase name="testIsGoodQuality" class="App\Tests\Service\RecolteManagerTest" classname="App.Tests.Service.RecolteManagerTest" file="C:\Users\saify\OneDrive\Bureau\pi\piweb\tests\Service\RecolteManagerTest.php" line="262" assertions="1" time="0.001752"/>
      <testcase name="testIsGoodQualityExcellente" class="App\Tests\Service\RecolteManagerTest" classname="App.Tests.Service.RecolteManagerTest" file="C:\Users\saify\OneDrive\Bureau\pi\piweb\tests\Service\RecolteManagerTest.php" line="276" assertions="1" time="0.002234"/>
      <testcase name="testIsNotGoodQuality" class="App\Tests\Service\RecolteManagerTest" classname="App.Tests.Service.RecolteManagerTest" file="C:\Users\saify\OneDrive\Bureau\pi\piweb\tests\Service\RecolteManagerTest.php" line="290" assertions="1" time="0.003603"/>
      <testcase name="testValidateValidRecolte" class="App\Tests\Service\RecolteManagerTest" classname="App.Tests.Service.RecolteManagerTest" file="C:\Users\saify\OneDrive\Bureau\pi\piweb\tests\Service\RecolteManagerTest.php" line="304" assertions="1" time="0.004788"/>
      <testcase name="testValidateInvalidRecolte" class="App\Tests\Service\RecolteManagerTest" classname="App.Tests.Service.RecolteManagerTest" file="C:\Users\saify\OneDrive\Bureau\pi\piweb\tests\Service\RecolteManagerTest.php" line="327" assertions="1" time="0.004227"/>
      <testcase name="testCreateRecolteWithoutCulture" class="App\Tests\Service\RecolteManagerTest" classname="App.Tests.Service.RecolteManagerTest" file="C:\Users\saify\OneDrive\Bureau\pi\piweb\tests\Service\RecolteManagerTest.php" line="341" assertions="2" time="0.003501"/>
      <testcase name="testCalculateYieldWithZeroSuperficie" class="App\Tests\Service\RecolteManagerTest" classname="App.Tests.Service.RecolteManagerTest" file="C:\Users\saify\OneDrive\Bureau\pi\piweb\tests\Service\RecolteManagerTest.php" line="361" assertions="1" time="0.002173"/>
      <testcase name="testCreateRecolteWithTodayDate" class="App\Tests\Service\RecolteManagerTest" classname="App.Tests.Service.RecolteManagerTest" file="C:\Users\saify\OneDrive\Bureau\pi\piweb\tests\Service\RecolteManagerTest.php" line="382" assertions="1" time="0.003374"/>
    </testsuite>
    <testsuite name="App\Tests\Service\StockManagerTest" file="C:\Users\saify\OneDrive\Bureau\pi\piweb\tests\Service\StockManagerTest.php" tests="19" assertions="32" errors="0" warnings="0" failures="0" skipped="0" time="0.050751">
      <testcase name="testCreateValidStock" class="App\Tests\Service\StockManagerTest" classname="App.Tests.Service.StockManagerTest" file="C:\Users\saify\OneDrive\Bureau\pi\piweb\tests\Service\StockManagerTest.php" line="38" assertions="2" time="0.004718"/>
      <testcase name="testCreateStockWithNegativeQuantite" class="App\Tests\Service\StockManagerTest" classname="App.Tests.Service.StockManagerTest" file="C:\Users\saify\OneDrive\Bureau\pi\piweb\tests\Service\StockManagerTest.php" line="56" assertions="1" time="0.001801"/>
      <testcase name="testCreateStockWithInvalidDates" class="App\Tests\Service\StockManagerTest" classname="App.Tests.Service.StockManagerTest" file="C:\Users\saify\OneDrive\Bureau\pi\piweb\tests\Service\StockManagerTest.php" line="73" assertions="1" time="0.001951"/>
      <testcase name="testValidateQuantite" class="App\Tests\Service\StockManagerTest" classname="App.Tests.Service.StockManagerTest" file="C:\Users\saify\OneDrive\Bureau\pi\piweb\tests\Service\StockManagerTest.php" line="90" assertions="2" time="0.002321"/>
      <testcase name="testValidateQuantiteNegative" class="App\Tests\Service\StockManagerTest" classname="App.Tests.Service.StockManagerTest" file="C:\Users\saify\OneDrive\Bureau\pi\piweb\tests\Service\StockManagerTest.php" line="99" assertions="1" time="0.001929"/>
      <testcase name="testValidateDates" class="App\Tests\Service\StockManagerTest" classname="App.Tests.Service.StockManagerTest" file="C:\Users\saify\OneDrive\Bureau\pi\piweb\tests\Service\StockManagerTest.php" line="109" assertions="1" time="0.003503"/>
      <testcase name="testIsExpired" class="App\Tests\Service\StockManagerTest" classname="App.Tests.Service.StockManagerTest" file="C:\Users\saify\OneDrive\Bureau\pi\piweb\tests\Service\StockManagerTest.php" line="120" assertions="1" time="0.002379"/>
      <testcase name="testIsNotExpired" class="App\Tests\Service\StockManagerTest" classname="App.Tests.Service.StockManagerTest" file="C:\Users\saify\OneDrive\Bureau\pi\piweb\tests\Service\StockManagerTest.php" line="136" assertions="1" time="0.002120"/>
      <testcase name="testIsExpiringSoon" class="App\Tests\Service\StockManagerTest" classname="App.Tests.Service.StockManagerTest" file="C:\Users\saify\OneDrive\Bureau\pi\piweb\tests\Service\StockManagerTest.php" line="152" assertions="1" time="0.001940"/>
      <testcase name="testGetDaysBeforeExpiration" class="App\Tests\Service\StockManagerTest" classname="App.Tests.Service.StockManagerTest" file="C:\Users\saify\OneDrive\Bureau\pi\piweb\tests\Service\StockManagerTest.php" line="168" assertions="4" time="0.002166"/>
      <testcase name="testIncreaseQuantite" class="App\Tests\Service\StockManagerTest" classname="App.Tests.Service.StockManagerTest" file="C:\Users\saify\OneDrive\Bureau\pi\piweb\tests\Service\StockManagerTest.php" line="187" assertions="1" time="0.001840"/>
      <testcase name="testDecreaseQuantite" class="App\Tests\Service\StockManagerTest" classname="App.Tests.Service.StockManagerTest" file="C:\Users\saify\OneDrive\Bureau\pi\piweb\tests\Service\StockManagerTest.php" line="205" assertions="1" time="0.001736"/>
      <testcase name="testDecreaseQuantiteInsufficient" class="App\Tests\Service\StockManagerTest" classname="App.Tests.Service.StockManagerTest" file="C:\Users\saify\OneDrive\Bureau\pi\piweb\tests\Service\StockManagerTest.php" line="223" assertions="1" time="0.006072"/>
      <testcase name="testIsEmpty" class="App\Tests\Service\StockManagerTest" classname="App.Tests.Service.StockManagerTest" file="C:\Users\saify\OneDrive\Bureau\pi\piweb\tests\Service\StockManagerTest.php" line="241" assertions="1" time="0.002071"/>
      <testcase name="testIsLow" class="App\Tests\Service\StockManagerTest" classname="App.Tests.Service.StockManagerTest" file="C:\Users\saify\OneDrive\Bureau\pi\piweb\tests\Service\StockManagerTest.php" line="257" assertions="1" time="0.001961"/>
      <testcase name="testGetStatus" class="App\Tests\Service\StockManagerTest" classname="App.Tests.Service.StockManagerTest" file="C:\Users\saify\OneDrive\Bureau\pi\piweb\tests\Service\StockManagerTest.php" line="273" assertions="1" time="0.002657"/>
      <testcase name="testGetStatusLabel" class="App\Tests\Service\StockManagerTest" classname="App.Tests.Service.StockManagerTest" file="C:\Users\saify\OneDrive\Bureau\pi\piweb\tests\Service\StockManagerTest.php" line="291" assertions="5" time="0.004198"/>
      <testcase name="testGetStatusColor" class="App\Tests\Service\StockManagerTest" classname="App.Tests.Service.StockManagerTest" file="C:\Users\saify\OneDrive\Bureau\pi\piweb\tests\Service\StockManagerTest.php" line="303" assertions="5" time="0.002212"/>
      <testcase name="testValidateStock" class="App\Tests\Service\StockManagerTest" classname="App.Tests.Service.StockManagerTest" file="C:\Users\saify\OneDrive\Bureau\pi\piweb\tests\Service\StockManagerTest.php" line="315" assertions="1" time="0.003176"/>
    </testsuite>
    <testsuite name="App\Tests\Service\UtilisateurManagerTest" file="C:\Users\saify\OneDrive\Bureau\pi\piweb\tests\Service\UtilisateurManagerTest.php" tests="15" assertions="31" errors="0" warnings="0" failures="0" skipped="0" time="3.854185">
      <testcase name="testCreateValidUtilisateur" class="App\Tests\Service\UtilisateurManagerTest" classname="App.Tests.Service.UtilisateurManagerTest" file="C:\Users\saify\OneDrive\Bureau\pi\piweb\tests\Service\UtilisateurManagerTest.php" line="24" assertions="4" time="0.443815"/>
      <testcase name="testCreateUtilisateurWithInvalidRole" class="App\Tests\Service\UtilisateurManagerTest" classname="App.Tests.Service.UtilisateurManagerTest" file="C:\Users\saify\OneDrive\Bureau\pi\piweb\tests\Service\UtilisateurManagerTest.php" line="43" assertions="1" time="0.003894"/>
      <testcase name="testPasswordHashing" class="App\Tests\Service\UtilisateurManagerTest" classname="App.Tests.Service.UtilisateurManagerTest" file="C:\Users\saify\OneDrive\Bureau\pi\piweb\tests\Service\UtilisateurManagerTest.php" line="59" assertions="2" time="1.296135"/>
      <testcase name="testChangePassword" class="App\Tests\Service\UtilisateurManagerTest" classname="App.Tests.Service.UtilisateurManagerTest" file="C:\Users\saify\OneDrive\Bureau\pi\piweb\tests\Service\UtilisateurManagerTest.php" line="76" assertions="2" time="1.670143"/>
      <testcase name="testGetFullName" class="App\Tests\Service\UtilisateurManagerTest" classname="App.Tests.Service.UtilisateurManagerTest" file="C:\Users\saify\OneDrive\Bureau\pi\piweb\tests\Service\UtilisateurManagerTest.php" line="95" assertions="1" time="0.002051"/>
      <testcase name="testGetSymfonyRoles" class="App\Tests\Service\UtilisateurManagerTest" classname="App.Tests.Service.UtilisateurManagerTest" file="C:\Users\saify\OneDrive\Bureau\pi\piweb\tests\Service\UtilisateurManagerTest.php" line="109" assertions="2" time="0.001985"/>
      <testcase name="testHasRole" class="App\Tests\Service\UtilisateurManagerTest" classname="App.Tests.Service.UtilisateurManagerTest" file="C:\Users\saify\OneDrive\Bureau\pi\piweb\tests\Service\UtilisateurManagerTest.php" line="123" assertions="2" time="0.001978"/>
      <testcase name="testIsEmailValid" class="App\Tests\Service\UtilisateurManagerTest" classname="App.Tests.Service.UtilisateurManagerTest" file="C:\Users\saify\OneDrive\Bureau\pi\piweb\tests\Service\UtilisateurManagerTest.php" line="135" assertions="2" time="0.001860"/>
      <testcase name="testIsPasswordStrong" class="App\Tests\Service\UtilisateurManagerTest" classname="App.Tests.Service.UtilisateurManagerTest" file="C:\Users\saify\OneDrive\Bureau\pi\piweb\tests\Service\UtilisateurManagerTest.php" line="144" assertions="5" time="0.001694"/>
      <testcase name="testActivateUtilisateur" class="App\Tests\Service\UtilisateurManagerTest" classname="App.Tests.Service.UtilisateurManagerTest" file="C:\Users\saify\OneDrive\Bureau\pi\piweb\tests\Service\UtilisateurManagerTest.php" line="156" assertions="1" time="0.001736"/>
      <testcase name="testDeactivateUtilisateur" class="App\Tests\Service\UtilisateurManagerTest" classname="App.Tests.Service.UtilisateurManagerTest" file="C:\Users\saify\OneDrive\Bureau\pi\piweb\tests\Service\UtilisateurManagerTest.php" line="169" assertions="1" time="0.001917"/>
      <testcase name="testIsActive" class="App\Tests\Service\UtilisateurManagerTest" classname="App.Tests.Service.UtilisateurManagerTest" file="C:\Users\saify\OneDrive\Bureau\pi\piweb\tests\Service\UtilisateurManagerTest.php" line="182" assertions="2" time="0.001788"/>
      <testcase name="testGetAge" class="App\Tests\Service\UtilisateurManagerTest" classname="App.Tests.Service.UtilisateurManagerTest" file="C:\Users\saify\OneDrive\Bureau\pi\piweb\tests\Service\UtilisateurManagerTest.php" line="197" assertions="4" time="0.001786"/>
      <testcase name="testValidateUtilisateur" class="App\Tests\Service\UtilisateurManagerTest" classname="App.Tests.Service.UtilisateurManagerTest" file="C:\Users\saify\OneDrive\Bureau\pi\piweb\tests\Service\UtilisateurManagerTest.php" line="211" assertions="1" time="0.004708"/>
      <testcase name="testCreateUtilisateurWithInvalidEmail" class="App\Tests\Service\UtilisateurManagerTest" classname="App.Tests.Service.UtilisateurManagerTest" file="C:\Users\saify\OneDrive\Bureau\pi\piweb\tests\Service\UtilisateurManagerTest.php" line="230" assertions="1" time="0.418695"/>
    </testsuite>
    <testsuite name="App\Tests\StockTest" file="C:\Users\saify\OneDrive\Bureau\pi\piweb\tests\StockTest.php" tests="16" assertions="17" errors="0" warnings="0" failures="0" skipped="0" time="0.051795">
      <testcase name="testValidStockCreation" class="App\Tests\StockTest" classname="App.Tests.StockTest" file="C:\Users\saify\OneDrive\Bureau\pi\piweb\tests\StockTest.php" line="37" assertions="1" time="0.003866"/>
      <testcase name="testQuantiteIsMandatory" class="App\Tests\StockTest" classname="App.Tests.StockTest" file="C:\Users\saify\OneDrive\Bureau\pi\piweb\tests\StockTest.php" line="54" assertions="1" time="0.004283"/>
      <testcase name="testQuantiteMustBePositiveOrZero" class="App\Tests\StockTest" classname="App.Tests.StockTest" file="C:\Users\saify\OneDrive\Bureau\pi\piweb\tests\StockTest.php" line="71" assertions="1" time="0.003716"/>
      <testcase name="testQuantiteCanBeZero" class="App\Tests\StockTest" classname="App.Tests.StockTest" file="C:\Users\saify\OneDrive\Bureau\pi\piweb\tests\StockTest.php" line="88" assertions="1" time="0.003440"/>
      <testcase name="testDateExpirationMustBeAfterDateEntree" class="App\Tests\StockTest" classname="App.Tests.StockTest" file="C:\Users\saify\OneDrive\Bureau\pi\piweb\tests\StockTest.php" line="105" assertions="1" time="0.004057"/>
      <testcase name="testDateExpirationCanEqualDateEntree" class="App\Tests\StockTest" classname="App.Tests.StockTest" file="C:\Users\saify\OneDrive\Bureau\pi\piweb\tests\StockTest.php" line="122" assertions="1" time="0.003395"/>
      <testcase name="testIdProduitIsMandatory" class="App\Tests\StockTest" classname="App.Tests.StockTest" file="C:\Users\saify\OneDrive\Bureau\pi\piweb\tests\StockTest.php" line="140" assertions="1" time="0.004378"/>
      <testcase name="testProduitRelationship" class="App\Tests\StockTest" classname="App.Tests.StockTest" file="C:\Users\saify\OneDrive\Bureau\pi\piweb\tests\StockTest.php" line="155" assertions="1" time="0.001951"/>
      <testcase name="testUtilisateurRelationship" class="App\Tests\StockTest" classname="App.Tests.StockTest" file="C:\Users\saify\OneDrive\Bureau\pi\piweb\tests\StockTest.php" line="168" assertions="1" time="0.002080"/>
      <testcase name="testGetIdUser" class="App\Tests\StockTest" classname="App.Tests.StockTest" file="C:\Users\saify\OneDrive\Bureau\pi\piweb\tests\StockTest.php" line="188" assertions="1" time="0.002062"/>
      <testcase name="testQuantiteWithDecimalValues" class="App\Tests\StockTest" classname="App.Tests.StockTest" file="C:\Users\saify\OneDrive\Bureau\pi\piweb\tests\StockTest.php" line="208" assertions="2" time="0.003655"/>
      <testcase name="testDateEntreeWithPastDate" class="App\Tests\StockTest" classname="App.Tests.StockTest" file="C:\Users\saify\OneDrive\Bureau\pi\piweb\tests\StockTest.php" line="226" assertions="1" time="0.003283"/>
      <testcase name="testDateExpirationWithFutureDate" class="App\Tests\StockTest" classname="App.Tests.StockTest" file="C:\Users\saify\OneDrive\Bureau\pi\piweb\tests\StockTest.php" line="243" assertions="1" time="0.003645"/>
      <testcase name="testGetIdStock" class="App\Tests\StockTest" classname="App.Tests.StockTest" file="C:\Users\saify\OneDrive\Bureau\pi\piweb\tests\StockTest.php" line="260" assertions="1" time="0.002126"/>
      <testcase name="testGetIdStockAlias" class="App\Tests\StockTest" classname="App.Tests.StockTest" file="C:\Users\saify\OneDrive\Bureau\pi\piweb\tests\StockTest.php" line="269" assertions="1" time="0.002210"/>
      <testcase name="testStockWithLargeQuantite" class="App\Tests\StockTest" classname="App.Tests.StockTest" file="C:\Users\saify\OneDrive\Bureau\pi\piweb\tests\StockTest.php" line="278" assertions="1" time="0.003648"/>
    </testsuite>
    <testsuite name="App\Tests\UtilisateurTest" file="C:\Users\saify\OneDrive\Bureau\pi\piweb\tests\UtilisateurTest.php" tests="19" assertions="25" errors="0" warnings="0" failures="0" skipped="0" time="0.064330">
      <testcase name="testValidUtilisateurCreation" class="App\Tests\UtilisateurTest" classname="App.Tests.UtilisateurTest" file="C:\Users\saify\OneDrive\Bureau\pi\piweb\tests\UtilisateurTest.php" line="22" assertions="1" time="0.004409"/>
      <testcase name="testNomIsMandatory" class="App\Tests\UtilisateurTest" classname="App.Tests.UtilisateurTest" file="C:\Users\saify\OneDrive\Bureau\pi\piweb\tests\UtilisateurTest.php" line="40" assertions="1" time="0.004973"/>
      <testcase name="testNomMinimumLength" class="App\Tests\UtilisateurTest" classname="App.Tests.UtilisateurTest" file="C:\Users\saify\OneDrive\Bureau\pi\piweb\tests\UtilisateurTest.php" line="58" assertions="1" time="0.005361"/>
      <testcase name="testPrenomIsMandatory" class="App\Tests\UtilisateurTest" classname="App.Tests.UtilisateurTest" file="C:\Users\saify\OneDrive\Bureau\pi\piweb\tests\UtilisateurTest.php" line="76" assertions="1" time="0.004944"/>
      <testcase name="testEmailIsMandatory" class="App\Tests\UtilisateurTest" classname="App.Tests.UtilisateurTest" file="C:\Users\saify\OneDrive\Bureau\pi\piweb\tests\UtilisateurTest.php" line="94" assertions="1" time="0.004844"/>
      <testcase name="testEmailMustBeValid" class="App\Tests\UtilisateurTest" classname="App.Tests.UtilisateurTest" file="C:\Users\saify\OneDrive\Bureau\pi\piweb\tests\UtilisateurTest.php" line="112" assertions="1" time="0.004815"/>
      <testcase name="testRoleIsMandatory" class="App\Tests\UtilisateurTest" classname="App.Tests.UtilisateurTest" file="C:\Users\saify\OneDrive\Bureau\pi\piweb\tests\UtilisateurTest.php" line="130" assertions="1" time="0.005273"/>
      <testcase name="testRoleMustBeValid" class="App\Tests\UtilisateurTest" classname="App.Tests.UtilisateurTest" file="C:\Users\saify\OneDrive\Bureau\pi\piweb\tests\UtilisateurTest.php" line="148" assertions="1" time="0.005720"/>
      <testcase name="testRoleValidValues" class="App\Tests\UtilisateurTest" classname="App.Tests.UtilisateurTest" file="C:\Users\saify\OneDrive\Bureau\pi\piweb\tests\UtilisateurTest.php" line="166" assertions="3" time="0.004729"/>
      <testcase name="testGetUserIdentifier" class="App\Tests\UtilisateurTest" classname="App.Tests.UtilisateurTest" file="C:\Users\saify\OneDrive\Bureau\pi\piweb\tests\UtilisateurTest.php" line="188" assertions="1" time="0.002193"/>
      <testcase name="testGetRoles" class="App\Tests\UtilisateurTest" classname="App.Tests.UtilisateurTest" file="C:\Users\saify\OneDrive\Bureau\pi\piweb\tests\UtilisateurTest.php" line="199" assertions="2" time="0.001909"/>
      <testcase name="testGetAge" class="App\Tests\UtilisateurTest" classname="App.Tests.UtilisateurTest" file="C:\Users\saify\OneDrive\Bureau\pi\piweb\tests\UtilisateurTest.php" line="212" assertions="4" time="0.001699"/>
      <testcase name="testGetAgeReturnsNull" class="App\Tests\UtilisateurTest" classname="App.Tests.UtilisateurTest" file="C:\Users\saify\OneDrive\Bureau\pi\piweb\tests\UtilisateurTest.php" line="225" assertions="1" time="0.001583"/>
      <testcase name="testParcelles" class="App\Tests\UtilisateurTest" classname="App.Tests.UtilisateurTest" file="C:\Users\saify\OneDrive\Bureau\pi\piweb\tests\UtilisateurTest.php" line="236" assertions="1" time="0.001985"/>
      <testcase name="testVentes" class="App\Tests\UtilisateurTest" classname="App.Tests.UtilisateurTest" file="C:\Users\saify\OneDrive\Bureau\pi\piweb\tests\UtilisateurTest.php" line="247" assertions="1" time="0.001851"/>
      <testcase name="testFaceDescriptor" class="App\Tests\UtilisateurTest" classname="App.Tests.UtilisateurTest" file="C:\Users\saify\OneDrive\Bureau\pi\piweb\tests\UtilisateurTest.php" line="258" assertions="1" time="0.001700"/>
      <testcase name="testFaceEnabled" class="App\Tests\UtilisateurTest" classname="App.Tests.UtilisateurTest" file="C:\Users\saify\OneDrive\Bureau\pi\piweb\tests\UtilisateurTest.php" line="270" assertions="1" time="0.001911"/>
      <testcase name="testProfilePicture" class="App\Tests\UtilisateurTest" classname="App.Tests.UtilisateurTest" file="C:\Users\saify\OneDrive\Bureau\pi\piweb\tests\UtilisateurTest.php" line="281" assertions="1" time="0.002070"/>
      <testcase name="testSexe" class="App\Tests\UtilisateurTest" classname="App.Tests.UtilisateurTest" file="C:\Users\saify\OneDrive\Bureau\pi\piweb\tests\UtilisateurTest.php" line="293" assertions="1" time="0.002360"/>
    </testsuite>
  </testsuite>
</testsuites>
